../Core/Src/main.c:82:6:CAN_Process_Messages	80	static
../Core/Src/main.c:138:7:getYaw	4	static
../Core/Src/main.c:142:7:getDistance	4	static
../Core/Src/main.c:146:9:getTicks	4	static
../Core/Src/main.c:156:5:main	48	static
../Core/Src/main.c:243:6:SystemClock_Config	120	static
../Core/Src/main.c:303:13:MX_FDCAN1_Init	16	static
../Core/Src/main.c:390:13:MX_USART3_UART_Init	8	static
../Core/Src/main.c:438:13:MX_GPIO_Init	48	static
../Core/Src/main.c:481:6:Error_Handler	4	static,ignoring_inline_asm
